// Jest Snapshot v1, https://goo.gl/fbAQLP

exports[`App Component renders without crashing 1`] = `
<div
  className="app"
>
  <div
    className="container"
  >
    <header
      className="app__header"
    >
      <h2
        className="App-title"
      >
        Chat with React, Express, Socket
      </h2>
    </header>
    <div
      className="chat"
    >
      <div
        className="chat__top"
      />
      <div>
        <div
          className="row"
        >
          <div
            className="col-md-9"
          >
            <input
              className="form-control"
              name="username"
              onChange={[Function]}
              placeholder="Enter your username"
              type="text"
              value=""
            />
            <span
              className="chat__errors"
            />
          </div>
          <div
            className="col-md-3"
          >
            <button
              className="btn btn-primary"
              onClick={[Function]}
              type="button"
            >
              Confirm
            </button>
          </div>
        </div>
      </div>
    </div>
  </div>
</div>
`;
